Archive member included to satisfy reference by file (symbol)

d:/stm/install/plugins/fr.ac6.mcu.externaltools.arm-none.win32_1.17.0.201812190825/tools/compiler/bin/../lib/gcc/arm-none-eabi/7.3.1/thumb/v7e-m/fpv4-sp/hard\libgcc.a(_aeabi_uldivmod.o)
                              Drivers/STM32F4xx_HAL_Driver/Src/stm32f4xx_hal_rcc.o (__aeabi_uldivmod)
d:/stm/install/plugins/fr.ac6.mcu.externaltools.arm-none.win32_1.17.0.201812190825/tools/compiler/bin/../lib/gcc/arm-none-eabi/7.3.1/thumb/v7e-m/fpv4-sp/hard\libgcc.a(_udivmoddi4.o)
                              d:/stm/install/plugins/fr.ac6.mcu.externaltools.arm-none.win32_1.17.0.201812190825/tools/compiler/bin/../lib/gcc/arm-none-eabi/7.3.1/thumb/v7e-m/fpv4-sp/hard\libgcc.a(_aeabi_uldivmod.o) (__udivmoddi4)
d:/stm/install/plugins/fr.ac6.mcu.externaltools.arm-none.win32_1.17.0.201812190825/tools/compiler/bin/../lib/gcc/arm-none-eabi/7.3.1/thumb/v7e-m/fpv4-sp/hard\libgcc.a(_dvmd_tls.o)
                              d:/stm/install/plugins/fr.ac6.mcu.externaltools.arm-none.win32_1.17.0.201812190825/tools/compiler/bin/../lib/gcc/arm-none-eabi/7.3.1/thumb/v7e-m/fpv4-sp/hard\libgcc.a(_aeabi_uldivmod.o) (__aeabi_ldiv0)
d:/stm/install/plugins/fr.ac6.mcu.externaltools.arm-none.win32_1.17.0.201812190825/tools/compiler/bin/../lib/gcc/arm-none-eabi/7.3.1/../../../../arm-none-eabi/lib/thumb/v7e-m/fpv4-sp/hard\libc_nano.a(lib_a-errno.o)
                              Core/Src/syscalls.o (__errno)
d:/stm/install/plugins/fr.ac6.mcu.externaltools.arm-none.win32_1.17.0.201812190825/tools/compiler/bin/../lib/gcc/arm-none-eabi/7.3.1/../../../../arm-none-eabi/lib/thumb/v7e-m/fpv4-sp/hard\libc_nano.a(lib_a-exit.o)
                              d:/stm/install/plugins/fr.ac6.mcu.externaltools.arm-none.win32_1.17.0.201812190825/tools/compiler/bin/../lib/gcc/arm-none-eabi/7.3.1/../../../../arm-none-eabi/lib/thumb/v7e-m/fpv4-sp/hard/crt0.o (exit)
d:/stm/install/plugins/fr.ac6.mcu.externaltools.arm-none.win32_1.17.0.201812190825/tools/compiler/bin/../lib/gcc/arm-none-eabi/7.3.1/../../../../arm-none-eabi/lib/thumb/v7e-m/fpv4-sp/hard\libc_nano.a(lib_a-impure.o)
                              d:/stm/install/plugins/fr.ac6.mcu.externaltools.arm-none.win32_1.17.0.201812190825/tools/compiler/bin/../lib/gcc/arm-none-eabi/7.3.1/../../../../arm-none-eabi/lib/thumb/v7e-m/fpv4-sp/hard\libc_nano.a(lib_a-exit.o) (_global_impure_ptr)
d:/stm/install/plugins/fr.ac6.mcu.externaltools.arm-none.win32_1.17.0.201812190825/tools/compiler/bin/../lib/gcc/arm-none-eabi/7.3.1/../../../../arm-none-eabi/lib/thumb/v7e-m/fpv4-sp/hard\libc_nano.a(lib_a-init.o)
                              d:/stm/install/plugins/fr.ac6.mcu.externaltools.arm-none.win32_1.17.0.201812190825/tools/compiler/bin/../lib/gcc/arm-none-eabi/7.3.1/../../../../arm-none-eabi/lib/thumb/v7e-m/fpv4-sp/hard/crt0.o (__libc_init_array)
d:/stm/install/plugins/fr.ac6.mcu.externaltools.arm-none.win32_1.17.0.201812190825/tools/compiler/bin/../lib/gcc/arm-none-eabi/7.3.1/../../../../arm-none-eabi/lib/thumb/v7e-m/fpv4-sp/hard\libc_nano.a(lib_a-memset.o)
                              d:/stm/install/plugins/fr.ac6.mcu.externaltools.arm-none.win32_1.17.0.201812190825/tools/compiler/bin/../lib/gcc/arm-none-eabi/7.3.1/../../../../arm-none-eabi/lib/thumb/v7e-m/fpv4-sp/hard/crt0.o (memset)

Allocating common symbols
Common symbol       size              file

MEMORY_IN           0x100             Core/Src/main.o
htim10              0x48              Core/Src/tim.o
uwTick              0x4               Drivers/STM32F4xx_HAL_Driver/Src/stm32f4xx_hal.o
pFlash              0x20              Drivers/STM32F4xx_HAL_Driver/Src/stm32f4xx_hal_flash.o
MEMORY_FROM         0x100             Core/Src/main.o
DATABYTES_TO_SEND   0x1               Core/Src/BUS_8bit.o
htim11              0x48              Core/Src/tim.o
Data_to_Bus         0x2               Core/Src/BUS_8bit.o
Bus_to_Data         0x2               Core/Src/BUS_8bit.o
ALL                 0x2               Core/Src/BUS_8bit.o
MOMORY_IN_ADDRESS_ITERATION
                    0x1               Core/Src/main.o

Discarded input sections

 .text          0x00000000        0x0 d:/stm/install/plugins/fr.ac6.mcu.externaltools.arm-none.win32_1.17.0.201812190825/tools/compiler/bin/../lib/gcc/arm-none-eabi/7.3.1/thumb/v7e-m/fpv4-sp/hard/crti.o
 .data          0x00000000        0x0 d:/stm/install/plugins/fr.ac6.mcu.externaltools.arm-none.win32_1.17.0.201812190825/tools/compiler/bin/../lib/gcc/arm-none-eabi/7.3.1/thumb/v7e-m/fpv4-sp/hard/crti.o
 .bss           0x00000000        0x0 d:/stm/install/plugins/fr.ac6.mcu.externaltools.arm-none.win32_1.17.0.201812190825/tools/compiler/bin/../lib/gcc/arm-none-eabi/7.3.1/thumb/v7e-m/fpv4-sp/hard/crti.o
 .data          0x00000000        0x4 d:/stm/install/plugins/fr.ac6.mcu.externaltools.arm-none.win32_1.17.0.201812190825/tools/compiler/bin/../lib/gcc/arm-none-eabi/7.3.1/thumb/v7e-m/fpv4-sp/hard/crtbegin.o
[...]
Memory Configuration

Name             Origin             Length             Attributes
RAM              0x20000000         0x00020000         xrw
FLASH            0x08000000         0x00080000         xr
*default*        0x00000000         0xffffffff

Linker script and memory map

LOAD d:/stm/install/plugins/fr.ac6.mcu.externaltools.arm-none.win32_1.17.0.201812190825/tools/compiler/bin/../lib/gcc/arm-none-eabi/7.3.1/thumb/v7e-m/fpv4-sp/hard/crti.o
LOAD d:/stm/install/plugins/fr.ac6.mcu.externaltools.arm-none.win32_1.17.0.201812190825/tools/compiler/bin/../lib/gcc/arm-none-eabi/7.3.1/thumb/v7e-m/fpv4-sp/hard/crtbegin.o
LOAD d:/stm/install/plugins/fr.ac6.mcu.externaltools.arm-none.win32_1.17.0.201812190825/tools/compiler/bin/../lib/gcc/arm-none-eabi/7.3.1/../../../../arm-none-eabi/lib/thumb/v7e-m/fpv4-sp/hard/crt0.o
LOAD Core/Src/BUS_8bit.o
LOAD Core/Src/gpio.o
LOAD Core/Src/main.o
LOAD Core/Src/stm32f4xx_hal_msp.o
LOAD Core/Src/stm32f4xx_it.o
LOAD Core/Src/syscalls.o
LOAD Core/Src/system_stm32f4xx.o
LOAD Core/Src/tim.o
LOAD Drivers/STM32F4xx_HAL_Driver/Src/stm32f4xx_hal.o
LOAD Drivers/STM32F4xx_HAL_Driver/Src/stm32f4xx_hal_cortex.o
LOAD Drivers/STM32F4xx_HAL_Driver/Src/stm32f4xx_hal_dma.o
LOAD Drivers/STM32F4xx_HAL_Driver/Src/stm32f4xx_hal_dma_ex.o
LOAD Drivers/STM32F4xx_HAL_Driver/Src/stm32f4xx_hal_exti.o
LOAD Drivers/STM32F4xx_HAL_Driver/Src/stm32f4xx_hal_flash.o
LOAD Drivers/STM32F4xx_HAL_Driver/Src/stm32f4xx_hal_flash_ex.o
LOAD Drivers/STM32F4xx_HAL_Driver/Src/stm32f4xx_hal_flash_ramfunc.o
LOAD Drivers/STM32F4xx_HAL_Driver/Src/stm32f4xx_hal_gpio.o
LOAD Drivers/STM32F4xx_HAL_Driver/Src/stm32f4xx_hal_pwr.o
LOAD Drivers/STM32F4xx_HAL_Driver/Src/stm32f4xx_hal_pwr_ex.o
LOAD Drivers/STM32F4xx_HAL_Driver/Src/stm32f4xx_hal_rcc.o
LOAD Drivers/STM32F4xx_HAL_Driver/Src/stm32f4xx_hal_rcc_ex.o
LOAD Drivers/STM32F4xx_HAL_Driver/Src/stm32f4xx_hal_tim.o
LOAD Drivers/STM32F4xx_HAL_Driver/Src/stm32f4xx_hal_tim_ex.o
LOAD startup/startup_stm32f411xe.o
LOAD d:/stm/install/plugins/fr.ac6.mcu.externaltools.arm-none.win32_1.17.0.201812190825/tools/compiler/bin/../lib/gcc/arm-none-eabi/7.3.1/../../../../arm-none-eabi/lib/thumb/v7e-m/fpv4-sp/hard\libm.a
START GROUP
LOAD d:/stm/install/plugins/fr.ac6.mcu.externaltools.arm-none.win32_1.17.0.201812190825/tools/compiler/bin/../lib/gcc/arm-none-eabi/7.3.1/thumb/v7e-m/fpv4-sp/hard\libgcc.a
LOAD d:/stm/install/plugins/fr.ac6.mcu.externaltools.arm-none.win32_1.17.0.201812190825/tools/compiler/bin/../lib/gcc/arm-none-eabi/7.3.1/../../../../arm-none-eabi/lib/thumb/v7e-m/fpv4-sp/hard\libc_nano.a
END GROUP
START GROUP
LOAD d:/stm/install/plugins/fr.ac6.mcu.externaltools.arm-none.win32_1.17.0.201812190825/tools/compiler/bin/../lib/gcc/arm-none-eabi/7.3.1/thumb/v7e-m/fpv4-sp/hard\libgcc.a
LOAD d:/stm/install/plugins/fr.ac6.mcu.externaltools.arm-none.win32_1.17.0.201812190825/tools/compiler/bin/../lib/gcc/arm-none-eabi/7.3.1/../../../../arm-none-eabi/lib/thumb/v7e-m/fpv4-sp/hard\libc_nano.a
LOAD d:/stm/install/plugins/fr.ac6.mcu.externaltools.arm-none.win32_1.17.0.201812190825/tools/compiler/bin/../lib/gcc/arm-none-eabi/7.3.1/../../../../arm-none-eabi/lib/thumb/v7e-m/fpv4-sp/hard\libnosys.a
END GROUP
START GROUP
LOAD d:/stm/install/plugins/fr.ac6.mcu.externaltools.arm-none.win32_1.17.0.201812190825/tools/compiler/bin/../lib/gcc/arm-none-eabi/7.3.1/thumb/v7e-m/fpv4-sp/hard\libgcc.a
LOAD d:/stm/install/plugins/fr.ac6.mcu.externaltools.arm-none.win32_1.17.0.201812190825/tools/compiler/bin/../lib/gcc/arm-none-eabi/7.3.1/../../../../arm-none-eabi/lib/thumb/v7e-m/fpv4-sp/hard\libc_nano.a
LOAD d:/stm/install/plugins/fr.ac6.mcu.externaltools.arm-none.win32_1.17.0.201812190825/tools/compiler/bin/../lib/gcc/arm-none-eabi/7.3.1/../../../../arm-none-eabi/lib/thumb/v7e-m/fpv4-sp/hard\libnosys.a
END GROUP
LOAD d:/stm/install/plugins/fr.ac6.mcu.externaltools.arm-none.win32_1.17.0.201812190825/tools/compiler/bin/../lib/gcc/arm-none-eabi/7.3.1/thumb/v7e-m/fpv4-sp/hard/crtend.o
LOAD d:/stm/install/plugins/fr.ac6.mcu.externaltools.arm-none.win32_1.17.0.201812190825/tools/compiler/bin/../lib/gcc/arm-none-eabi/7.3.1/thumb/v7e-m/fpv4-sp/hard/crtn.o
                0x20020000                _estack = 0x20020000
                0x00000200                _Min_Heap_Size = 0x200
                0x00000400                _Min_Stack_Size = 0x400

.isr_vector     0x08000000      0x198
                0x08000000                . = ALIGN (0x4)
 *(.isr_vector)
 .isr_vector    0x08000000      0x198 startup/startup_stm32f411xe.o
                0x08000000                g_pfnVectors
                0x08000198                . = ALIGN (0x4)

.text           0x08000198     0x14f8
                0x08000198                . = ALIGN (0x4)
 *(.text)
 .text          0x08000198       0x40 d:/stm/install/plugins/fr.ac6.mcu.externaltools.arm-none.win32_1.17.0.201812190825/tools/compiler/bin/../lib/gcc/arm-none-eabi/7.3.1/thumb/v7e-m/fpv4-sp/hard/crtbegin.o
 .text          0x080001d8       0x30 d:/stm/install/plugins/fr.ac6.mcu.externaltools.arm-none.win32_1.17.0.201812190825/tools/compiler/bin/../lib/gcc/arm-none-eabi/7.3.1/thumb/v7e-m/fpv4-sp/hard\libgcc.a(_aeabi_uldivmod.o)
                0x080001d8                __aeabi_uldivmod
 .text          0x08000208      0x2cc d:/stm/install/plugins/fr.ac6.mcu.externaltools.arm-none.win32_1.17.0.201812190825/tools/compiler/bin/../lib/gcc/arm-none-eabi/7.3.1/thumb/v7e-m/fpv4-sp/hard\libgcc.a(_udivmoddi4.o)
                0x08000208                __udivmoddi4
 .text          0x080004d4        0x4 d:/stm/install/plugins/fr.ac6.mcu.externaltools.arm-none.win32_1.17.0.201812190825/tools/compiler/bin/../lib/gcc/arm-none-eabi/7.3.1/thumb/v7e-m/fpv4-sp/hard\libgcc.a(_dvmd_tls.o)
                0x080004d4                __aeabi_idiv0
                0x080004d4                __aeabi_ldiv0
 *(.text*)
 .text.DATA_TO_MEM_8bit
                0x080004d8       0x18 Core/Src/BUS_8bit.o
                0x080004d8                DATA_TO_MEM_8bit
 .text.DATA_TO_MEM_16bit
                0x080004f0       0x20 Core/Src/BUS_8bit.o
                0x080004f0                DATA_TO_MEM_16bit
 .text.DATA_TO_MEM_32bit
                0x08000510       0x38 Core/Src/BUS_8bit.o
                0x08000510                DATA_TO_MEM_32bit
 .text.DATA_SEND_TO_FPGA
                0x08000548       0x10 Core/Src/BUS_8bit.o
                0x08000548                DATA_SEND_TO_FPGA
 .text.MX_GPIO_Init
                0x08000558      0x100 Core/Src/gpio.o
                0x08000558                MX_GPIO_Init
 .text.HAL_TIM_PeriodElapsedCallback
                0x08000658       0x64 Core/Src/main.o
                0x08000658                HAL_TIM_PeriodElapsedCallback
 .text.Error_Handler
                0x080006bc        0x4 Core/Src/main.o
                0x080006bc                Error_Handler
 .text.SystemClock_Config
                0x080006c0       0xa0 Core/Src/main.o
                0x080006c0                SystemClock_Config
 .text.main     0x08000760       0xb0 Core/Src/main.o
                0x08000760                main
 .text.HAL_MspInit
                0x08000810       0x40 Core/Src/stm32f4xx_hal_msp.o
                0x08000810                HAL_MspInit
 .text.NMI_Handler
                0x08000850        0x2 Core/Src/stm32f4xx_it.o
                0x08000850                NMI_Handler
 .text.HardFault_Handler
                0x08000852        0x2 Core/Src/stm32f4xx_it.o
                0x08000852                HardFault_Handler
 .text.MemManage_Handler
                0x08000854        0x2 Core/Src/stm32f4xx_it.o
                0x08000854                MemManage_Handler
 .text.BusFault_Handler
                0x08000856        0x2 Core/Src/stm32f4xx_it.o
                0x08000856                BusFault_Handler
 .text.UsageFault_Handler
                0x08000858        0x2 Core/Src/stm32f4xx_it.o
                0x08000858                UsageFault_Handler
 .text.SVC_Handler
                0x0800085a        0x2 Core/Src/stm32f4xx_it.o
                0x0800085a                SVC_Handler
 .text.DebugMon_Handler
                0x0800085c        0x2 Core/Src/stm32f4xx_it.o
                0x0800085c                DebugMon_Handler
 .text.PendSV_Handler
                0x0800085e        0x2 Core/Src/stm32f4xx_it.o
                0x0800085e                PendSV_Handler
 .text.SysTick_Handler
                0x08000860        0x8 Core/Src/stm32f4xx_it.o
                0x08000860                SysTick_Handler
 .text.TIM1_UP_TIM10_IRQHandler
                0x08000868       0x10 Core/Src/stm32f4xx_it.o
                0x08000868                TIM1_UP_TIM10_IRQHandler
 .text.TIM1_TRG_COM_TIM11_IRQHandler
                0x08000878       0x10 Core/Src/stm32f4xx_it.o
                0x08000878                TIM1_TRG_COM_TIM11_IRQHandler
 .text.SystemInit
                0x08000888       0x14 Core/Src/system_stm32f4xx.o
                0x08000888                SystemInit
 .text.MX_TIM10_Init
                0x0800089c       0x34 Core/Src/tim.o
                0x0800089c                MX_TIM10_Init
 .text.MX_TIM11_Init
                0x080008d0       0x34 Core/Src/tim.o
                0x080008d0                MX_TIM11_Init
 .text.HAL_TIM_Base_MspInit
                0x08000904       0x74 Core/Src/tim.o
                0x08000904                HAL_TIM_Base_MspInit
 .text.HAL_InitTick
                0x08000978       0x48 Drivers/STM32F4xx_HAL_Driver/Src/stm32f4xx_hal.o
                0x08000978                HAL_InitTick
 .text.HAL_Init
                0x080009c0       0x34 Drivers/STM32F4xx_HAL_Driver/Src/stm32f4xx_hal.o
                0x080009c0                HAL_Init
 .text.HAL_IncTick
                0x080009f4       0x18 Drivers/STM32F4xx_HAL_Driver/Src/stm32f4xx_hal.o
                0x080009f4                HAL_IncTick
 .text.HAL_GetTick
                0x08000a0c        0xc Drivers/STM32F4xx_HAL_Driver/Src/stm32f4xx_hal.o
                0x08000a0c                HAL_GetTick
 .text.HAL_NVIC_SetPriorityGrouping
                0x08000a18       0x24 Drivers/STM32F4xx_HAL_Driver/Src/stm32f4xx_hal_cortex.o
                0x08000a18                HAL_NVIC_SetPriorityGrouping
 .text.HAL_NVIC_SetPriority
                0x08000a3c       0x68 Drivers/STM32F4xx_HAL_Driver/Src/stm32f4xx_hal_cortex.o
                0x08000a3c                HAL_NVIC_SetPriority
 .text.HAL_NVIC_EnableIRQ
                0x08000aa4       0x1c Drivers/STM32F4xx_HAL_Driver/Src/stm32f4xx_hal_cortex.o
                0x08000aa4                HAL_NVIC_EnableIRQ
 .text.HAL_SYSTICK_Config
                0x08000ac0       0x2c Drivers/STM32F4xx_HAL_Driver/Src/stm32f4xx_hal_cortex.o
                0x08000ac0                HAL_SYSTICK_Config
 .text.HAL_GPIO_Init
                0x08000aec      0x1b0 Drivers/STM32F4xx_HAL_Driver/Src/stm32f4xx_hal_gpio.o
                0x08000aec                HAL_GPIO_Init
 .text.HAL_GPIO_WritePin
                0x08000c9c        0xc Drivers/STM32F4xx_HAL_Driver/Src/stm32f4xx_hal_gpio.o
                0x08000c9c                HAL_GPIO_WritePin
 .text.HAL_RCC_OscConfig
                0x08000ca8      0x3f8 Drivers/STM32F4xx_HAL_Driver/Src/stm32f4xx_hal_rcc.o
                0x08000ca8                HAL_RCC_OscConfig
 .text.HAL_RCC_GetSysClockFreq
                0x080010a0       0xd8 Drivers/STM32F4xx_HAL_Driver/Src/stm32f4xx_hal_rcc.o
                0x080010a0                HAL_RCC_GetSysClockFreq
 .text.HAL_RCC_ClockConfig
                0x08001178      0x160 Drivers/STM32F4xx_HAL_Driver/Src/stm32f4xx_hal_rcc.o
                0x08001178                HAL_RCC_ClockConfig
 .text.HAL_TIM_Base_Start_IT
                0x080012d8       0x78 Drivers/STM32F4xx_HAL_Driver/Src/stm32f4xx_hal_tim.o
                0x080012d8                HAL_TIM_Base_Start_IT
 .text.HAL_TIM_OC_DelayElapsedCallback
                0x08001350        0x2 Drivers/STM32F4xx_HAL_Driver/Src/stm32f4xx_hal_tim.o
                0x08001350                HAL_TIM_OC_DelayElapsedCallback
 .text.HAL_TIM_IC_CaptureCallback
                0x08001352        0x2 Drivers/STM32F4xx_HAL_Driver/Src/stm32f4xx_hal_tim.o
                0x08001352                HAL_TIM_IC_CaptureCallback
 .text.HAL_TIM_PWM_PulseFinishedCallback
                0x08001354        0x2 Drivers/STM32F4xx_HAL_Driver/Src/stm32f4xx_hal_tim.o
                0x08001354                HAL_TIM_PWM_PulseFinishedCallback
 .text.HAL_TIM_TriggerCallback
                0x08001356        0x2 Drivers/STM32F4xx_HAL_Driver/Src/stm32f4xx_hal_tim.o
                0x08001356                HAL_TIM_TriggerCallback
 .text.HAL_TIM_IRQHandler
                0x08001358      0x17a Drivers/STM32F4xx_HAL_Driver/Src/stm32f4xx_hal_tim.o
                0x08001358                HAL_TIM_IRQHandler
 *fill*         0x080014d2        0x2 
 .text.TIM_Base_SetConfig
                0x080014d4       0x9c Drivers/STM32F4xx_HAL_Driver/Src/stm32f4xx_hal_tim.o
                0x080014d4                TIM_Base_SetConfig
 .text.HAL_TIM_Base_Init
                0x08001570       0x56 Drivers/STM32F4xx_HAL_Driver/Src/stm32f4xx_hal_tim.o
                0x08001570                HAL_TIM_Base_Init
 .text.HAL_TIMEx_CommutCallback
                0x080015c6        0x2 Drivers/STM32F4xx_HAL_Driver/Src/stm32f4xx_hal_tim_ex.o
                0x080015c6                HAL_TIMEx_CommutCallback
 .text.HAL_TIMEx_BreakCallback
                0x080015c8        0x2 Drivers/STM32F4xx_HAL_Driver/Src/stm32f4xx_hal_tim_ex.o
                0x080015c8                HAL_TIMEx_BreakCallback
 *fill*         0x080015ca        0x2 
 .text.Reset_Handler
                0x080015cc       0x50 startup/startup_stm32f411xe.o
                0x080015cc                Reset_Handler
 .text.Default_Handler
                0x0800161c        0x2 startup/startup_stm32f411xe.o
                0x0800161c                RTC_Alarm_IRQHandler
                0x0800161c                EXTI2_IRQHandler
                0x0800161c                SPI4_IRQHandler
                0x0800161c                TIM1_CC_IRQHandler
                0x0800161c                DMA2_Stream5_IRQHandler
                0x0800161c                DMA1_Stream5_IRQHandler
                0x0800161c                PVD_IRQHandler
                0x0800161c                SDIO_IRQHandler
                0x0800161c                TAMP_STAMP_IRQHandler
                0x0800161c                EXTI3_IRQHandler
                0x0800161c                I2C3_ER_IRQHandler
                0x0800161c                EXTI0_IRQHandler
                0x0800161c                I2C2_EV_IRQHandler
                0x0800161c                DMA1_Stream2_IRQHandler
                0x0800161c                FPU_IRQHandler
                0x0800161c                DMA2_Stream2_IRQHandler
                0x0800161c                SPI1_IRQHandler
                0x0800161c                TIM1_BRK_TIM9_IRQHandler
                0x0800161c                DMA2_Stream3_IRQHandler
                0x0800161c                USART6_IRQHandler
                0x0800161c                DMA2_Stream0_IRQHandler
                0x0800161c                TIM4_IRQHandler
                0x0800161c                I2C1_EV_IRQHandler
                0x0800161c                DMA1_Stream6_IRQHandler
                0x0800161c                DMA1_Stream1_IRQHandler
                0x0800161c                TIM3_IRQHandler
                0x0800161c                RCC_IRQHandler
                0x0800161c                Default_Handler
                0x0800161c                EXTI15_10_IRQHandler
                0x0800161c                ADC_IRQHandler
                0x0800161c                DMA1_Stream7_IRQHandler
                0x0800161c                SPI5_IRQHandler
                0x0800161c                TIM5_IRQHandler
                0x0800161c                DMA2_Stream7_IRQHandler
                0x0800161c                I2C3_EV_IRQHandler
                0x0800161c                EXTI9_5_IRQHandler
                0x0800161c                RTC_WKUP_IRQHandler
                0x0800161c                SPI2_IRQHandler
                0x0800161c                DMA1_Stream0_IRQHandler
                0x0800161c                EXTI4_IRQHandler
                0x0800161c                WWDG_IRQHandler
                0x0800161c                TIM2_IRQHandler
                0x0800161c                OTG_FS_WKUP_IRQHandler
                0x0800161c                EXTI1_IRQHandler
                0x0800161c                USART2_IRQHandler
                0x0800161c                I2C2_ER_IRQHandler
                0x0800161c                DMA2_Stream1_IRQHandler
                0x0800161c                FLASH_IRQHandler
                0x0800161c                DMA2_Stream4_IRQHandler
                0x0800161c                USART1_IRQHandler
                0x0800161c                OTG_FS_IRQHandler
                0x0800161c                SPI3_IRQHandler
                0x0800161c                DMA1_Stream4_IRQHandler
                0x0800161c                I2C1_ER_IRQHandler
                0x0800161c                DMA2_Stream6_IRQHandler
                0x0800161c                DMA1_Stream3_IRQHandler
 *fill*         0x0800161e        0x2 
 .text.__libc_init_array
                0x08001620       0x48 d:/stm/install/plugins/fr.ac6.mcu.externaltools.arm-none.win32_1.17.0.201812190825/tools/compiler/bin/../lib/gcc/arm-none-eabi/7.3.1/../../../../arm-none-eabi/lib/thumb/v7e-m/fpv4-sp/hard\libc_nano.a(lib_a-init.o)
                0x08001620                __libc_init_array
 .text.memset   0x08001668       0x10 d:/stm/install/plugins/fr.ac6.mcu.externaltools.arm-none.win32_1.17.0.201812190825/tools/compiler/bin/../lib/gcc/arm-none-eabi/7.3.1/../../../../arm-none-eabi/lib/thumb/v7e-m/fpv4-sp/hard\libc_nano.a(lib_a-memset.o)
                0x08001668                memset
 *(.glue_7)
 .glue_7        0x08001678        0x0 linker stubs
 *(.glue_7t)
 .glue_7t       0x08001678        0x0 linker stubs
 *(.eh_frame)
 .eh_frame      0x08001678        0x0 d:/stm/install/plugins/fr.ac6.mcu.externaltools.arm-none.win32_1.17.0.201812190825/tools/compiler/bin/../lib/gcc/arm-none-eabi/7.3.1/thumb/v7e-m/fpv4-sp/hard/crtbegin.o
 *(.init)
 .init          0x08001678        0x4 d:/stm/install/plugins/fr.ac6.mcu.externaltools.arm-none.win32_1.17.0.201812190825/tools/compiler/bin/../lib/gcc/arm-none-eabi/7.3.1/thumb/v7e-m/fpv4-sp/hard/crti.o
                0x08001678                _init
 .init          0x0800167c        0x8 d:/stm/install/plugins/fr.ac6.mcu.externaltools.arm-none.win32_1.17.0.201812190825/tools/compiler/bin/../lib/gcc/arm-none-eabi/7.3.1/thumb/v7e-m/fpv4-sp/hard/crtn.o
 *(.fini)
 .fini          0x08001684        0x4 d:/stm/install/plugins/fr.ac6.mcu.externaltools.arm-none.win32_1.17.0.201812190825/tools/compiler/bin/../lib/gcc/arm-none-eabi/7.3.1/thumb/v7e-m/fpv4-sp/hard/crti.o
                0x08001684                _fini
 .fini          0x08001688        0x8 d:/stm/install/plugins/fr.ac6.mcu.externaltools.arm-none.win32_1.17.0.201812190825/tools/compiler/bin/../lib/gcc/arm-none-eabi/7.3.1/thumb/v7e-m/fpv4-sp/hard/crtn.o
                0x08001690                . = ALIGN (0x4)
                0x08001690                _etext = .

.vfp11_veneer   0x08001690        0x0
 .vfp11_veneer  0x08001690        0x0 linker stubs

.v4_bx          0x08001690        0x0
 .v4_bx         0x08001690        0x0 linker stubs

.iplt           0x08001690        0x0
 .iplt          0x08001690        0x0 d:/stm/install/plugins/fr.ac6.mcu.externaltools.arm-none.win32_1.17.0.201812190825/tools/compiler/bin/../lib/gcc/arm-none-eabi/7.3.1/thumb/v7e-m/fpv4-sp/hard/crtbegin.o

.rodata         0x08001690       0x18
                0x08001690                . = ALIGN (0x4)
 *(.rodata)
 .rodata        0x08001690       0x18 Core/Src/system_stm32f4xx.o
                0x08001690                AHBPrescTable
                0x080016a0                APBPrescTable
 *(.rodata*)
                0x080016a8                . = ALIGN (0x4)

.ARM.extab
 *(.ARM.extab* .gnu.linkonce.armextab.*)

.ARM            0x080016a8        0x8
                0x080016a8                __exidx_start = .
 *(.ARM.exidx*)
 .ARM.exidx     0x080016a8        0x8 d:/stm/install/plugins/fr.ac6.mcu.externaltools.arm-none.win32_1.17.0.201812190825/tools/compiler/bin/../lib/gcc/arm-none-eabi/7.3.1/thumb/v7e-m/fpv4-sp/hard\libgcc.a(_udivmoddi4.o)
                0x080016b0                __exidx_end = .

.rel.dyn        0x080016b0        0x0
 .rel.iplt      0x080016b0        0x0 d:/stm/install/plugins/fr.ac6.mcu.externaltools.arm-none.win32_1.17.0.201812190825/tools/compiler/bin/../lib/gcc/arm-none-eabi/7.3.1/thumb/v7e-m/fpv4-sp/hard/crtbegin.o

.preinit_array  0x080016b0        0x0
                0x080016b0                PROVIDE (__preinit_array_start = .)
 *(.preinit_array*)
                0x080016b0                PROVIDE (__preinit_array_end = .)

.init_array     0x080016b0        0x4
                0x080016b0                PROVIDE (__init_array_start = .)
 *(SORT_BY_NAME(.init_array.*))
 *(.init_array*)
 .init_array    0x080016b0        0x4 d:/stm/install/plugins/fr.ac6.mcu.externaltools.arm-none.win32_1.17.0.201812190825/tools/compiler/bin/../lib/gcc/arm-none-eabi/7.3.1/thumb/v7e-m/fpv4-sp/hard/crtbegin.o
                0x080016b4                PROVIDE (__init_array_end = .)

.fini_array     0x080016b4        0x4
                [!provide]                PROVIDE (__fini_array_start = .)
 *(SORT_BY_NAME(.fini_array.*))
 *(.fini_array*)
 .fini_array    0x080016b4        0x4 d:/stm/install/plugins/fr.ac6.mcu.externaltools.arm-none.win32_1.17.0.201812190825/tools/compiler/bin/../lib/gcc/arm-none-eabi/7.3.1/thumb/v7e-m/fpv4-sp/hard/crtbegin.o
                [!provide]                PROVIDE (__fini_array_end = .)
                0x080016b8                _sidata = LOADADDR (.data)

.data           0x20000000        0xc load address 0x080016b8
                0x20000000                . = ALIGN (0x4)
                0x20000000                _sdata = .
 *(.data)
 .data          0x20000000        0x4 Core/Src/system_stm32f4xx.o
                0x20000000                SystemCoreClock
 .data          0x20000004        0x8 Drivers/STM32F4xx_HAL_Driver/Src/stm32f4xx_hal.o
                0x20000004                uwTickFreq
                0x20000008                uwTickPrio
 *(.data*)
                0x2000000c                . = ALIGN (0x4)
                0x2000000c                _edata = .

.igot.plt       0x2000000c        0x0 load address 0x080016c4
 .igot.plt      0x2000000c        0x0 d:/stm/install/plugins/fr.ac6.mcu.externaltools.arm-none.win32_1.17.0.201812190825/tools/compiler/bin/../lib/gcc/arm-none-eabi/7.3.1/thumb/v7e-m/fpv4-sp/hard/crtbegin.o
                0x2000000c                . = ALIGN (0x4)

.bss            0x2000000c      0x2c0 load address 0x080016c4
                0x2000000c                _sbss = .
                0x2000000c                __bss_start__ = _sbss
 *(.bss)
 .bss           0x2000000c       0x1c d:/stm/install/plugins/fr.ac6.mcu.externaltools.arm-none.win32_1.17.0.201812190825/tools/compiler/bin/../lib/gcc/arm-none-eabi/7.3.1/thumb/v7e-m/fpv4-sp/hard/crtbegin.o
 *(.bss*)
 *(COMMON)
 COMMON         0x20000028        0xc Core/Src/BUS_8bit.o
                0x20000028                DATABYTES_TO_SEND
                0x2000002c                Data_to_Bus
                0x20000030                Bus_to_Data
                0x20000032                ALL
 COMMON         0x20000034      0x201 Core/Src/main.o
                0x20000034                MEMORY_IN
                0x20000134                MEMORY_FROM
                0x20000234                MOMORY_IN_ADDRESS_ITERATION
 *fill*         0x20000235        0x3 
 COMMON         0x20000238       0x90 Core/Src/tim.o
                0x20000238                htim10
                0x20000280                htim11
 COMMON         0x200002c8        0x4 Drivers/STM32F4xx_HAL_Driver/Src/stm32f4xx_hal.o
                0x200002c8                uwTick
                0x200002cc                . = ALIGN (0x4)
                0x200002cc                _ebss = .
                0x200002cc                __bss_end__ = _ebss

._user_heap_stack
                0x200002cc      0x604 load address 0x080016c4
                0x200002d0                . = ALIGN (0x8)
 *fill*         0x200002cc        0x4 
                0x200002d0                PROVIDE (end = .)
                [!provide]                PROVIDE (_end = .)
                0x200004d0                . = (. + _Min_Heap_Size)
 *fill*         0x200002d0      0x200 
                0x200008d0                . = (. + _Min_Stack_Size)
 *fill*         0x200004d0      0x400 
                0x200008d0                . = ALIGN (0x8)

/DISCARD/
 libc.a(*)
 libm.a(*)
 libgcc.a(*)

.ARM.attributes
                0x00000000       0x30
 *(.ARM.attributes)
 .ARM.attributes
                0x00000000       0x22 d:/stm/install/plugins/fr.ac6.mcu.externaltools.arm-none.win32_1.17.0.201812190825/tools/compiler/bin/../lib/gcc/arm-none-eabi/7.3.1/thumb/v7e-m/fpv4-sp/hard/crti.o
 .ARM.attributes
                0x00000022       0x34 d:/stm/install/plugins/fr.ac6.mcu.externaltools.arm-none.win32_1.17.0.201812190825/tools/compiler/bin/../lib/gcc/arm-none-eabi/7.3.1/thumb/v7e-m/fpv4-sp/hard/crtbegin.o
 .ARM.attributes
                0x00000056       0x39 Core/Src/BUS_8bit.o
 .ARM.attributes
                0x0000008f       0x39 Core/Src/gpio.o
 .ARM.attributes
                0x000000c8       0x39 Core/Src/main.o
 .ARM.attributes
                0x00000101       0x39 Core/Src/stm32f4xx_hal_msp.o
 .ARM.attributes
                0x0000013a       0x39 Core/Src/stm32f4xx_it.o
 .ARM.attributes
                0x00000173       0x39 Core/Src/system_stm32f4xx.o
 .ARM.attributes
                0x000001ac       0x39 Core/Src/tim.o
 .ARM.attributes
                0x000001e5       0x39 Drivers/STM32F4xx_HAL_Driver/Src/stm32f4xx_hal.o
 .ARM.attributes
                0x0000021e       0x39 Drivers/STM32F4xx_HAL_Driver/Src/stm32f4xx_hal_cortex.o
 .ARM.attributes
                0x00000257       0x39 Drivers/STM32F4xx_HAL_Driver/Src/stm32f4xx_hal_gpio.o
 .ARM.attributes
                0x00000290       0x39 Drivers/STM32F4xx_HAL_Driver/Src/stm32f4xx_hal_rcc.o
 .ARM.attributes
                0x000002c9       0x39 Drivers/STM32F4xx_HAL_Driver/Src/stm32f4xx_hal_tim.o
 .ARM.attributes
                0x00000302       0x39 Drivers/STM32F4xx_HAL_Driver/Src/stm32f4xx_hal_tim_ex.o
 .ARM.attributes
                0x0000033b       0x21 startup/startup_stm32f411xe.o
 .ARM.attributes
                0x0000035c       0x22 d:/stm/install/plugins/fr.ac6.mcu.externaltools.arm-none.win32_1.17.0.201812190825/tools/compiler/bin/../lib/gcc/arm-none-eabi/7.3.1/thumb/v7e-m/fpv4-sp/hard\libgcc.a(_aeabi_uldivmod.o)
 .ARM.attributes
                0x0000037e       0x34 d:/stm/install/plugins/fr.ac6.mcu.externaltools.arm-none.win32_1.17.0.201812190825/tools/compiler/bin/../lib/gcc/arm-none-eabi/7.3.1/thumb/v7e-m/fpv4-sp/hard\libgcc.a(_udivmoddi4.o)
 .ARM.attributes
                0x000003b2       0x22 d:/stm/install/plugins/fr.ac6.mcu.externaltools.arm-none.win32_1.17.0.201812190825/tools/compiler/bin/../lib/gcc/arm-none-eabi/7.3.1/thumb/v7e-m/fpv4-sp/hard\libgcc.a(_dvmd_tls.o)
 .ARM.attributes
                0x000003d4       0x34 d:/stm/install/plugins/fr.ac6.mcu.externaltools.arm-none.win32_1.17.0.201812190825/tools/compiler/bin/../lib/gcc/arm-none-eabi/7.3.1/../../../../arm-none-eabi/lib/thumb/v7e-m/fpv4-sp/hard\libc_nano.a(lib_a-init.o)
 .ARM.attributes
                0x00000408       0x34 d:/stm/install/plugins/fr.ac6.mcu.externaltools.arm-none.win32_1.17.0.201812190825/tools/compiler/bin/../lib/gcc/arm-none-eabi/7.3.1/../../../../arm-none-eabi/lib/thumb/v7e-m/fpv4-sp/hard\libc_nano.a(lib_a-memset.o)
 .ARM.attributes
                0x0000043c       0x22 d:/stm/install/plugins/fr.ac6.mcu.externaltools.arm-none.win32_1.17.0.201812190825/tools/compiler/bin/../lib/gcc/arm-none-eabi/7.3.1/thumb/v7e-m/fpv4-sp/hard/crtn.o
OUTPUT(mag_8bitSTM.elf elf32-littlearm)

.debug_info     0x00000000     0xb322
 .debug_info    0x00000000      0x4d5 Core/Src/BUS_8bit.o
 .debug_info    0x000004d5      0x6b4 Core/Src/gpio.o
 .debug_info    0x00000b89      0xf5e Core/Src/main.o
 .debug_info    0x00001ae7      0x3af Core/Src/stm32f4xx_hal_msp.o
 .debug_info    0x00001e96      0x7e0 Core/Src/stm32f4xx_it.o
 .debug_info    0x00002676      0x583 Core/Src/system_stm32f4xx.o
 .debug_info    0x00002bf9      0xc3a Core/Src/tim.o
 .debug_info    0x00003833      0x981 Drivers/STM32F4xx_HAL_Driver/Src/stm32f4xx_hal.o
 .debug_info    0x000041b4      0xefc Drivers/STM32F4xx_HAL_Driver/Src/stm32f4xx_hal_cortex.o
 .debug_info    0x000050b0      0x7f2 Drivers/STM32F4xx_HAL_Driver/Src/stm32f4xx_hal_gpio.o
 .debug_info    0x000058a2      0xaba Drivers/STM32F4xx_HAL_Driver/Src/stm32f4xx_hal_rcc.o
 .debug_info    0x0000635c     0x3735 Drivers/STM32F4xx_HAL_Driver/Src/stm32f4xx_hal_tim.o
 .debug_info    0x00009a91     0x186f Drivers/STM32F4xx_HAL_Driver/Src/stm32f4xx_hal_tim_ex.o
 .debug_info    0x0000b300       0x22 startup/startup_stm32f411xe.o

.debug_abbrev   0x00000000     0x19c6
 .debug_abbrev  0x00000000      0x171 Core/Src/BUS_8bit.o
 .debug_abbrev  0x00000171      0x1c4 Core/Src/gpio.o
 .debug_abbrev  0x00000335      0x26d Core/Src/main.o
 .debug_abbrev  0x000005a2      0x12a Core/Src/stm32f4xx_hal_msp.o
 .debug_abbrev  0x000006cc      0x198 Core/Src/stm32f4xx_it.o
 .debug_abbrev  0x00000864      0x12b Core/Src/system_stm32f4xx.o
 .debug_abbrev  0x0000098f      0x1e3 Core/Src/tim.o
 .debug_abbrev  0x00000b72      0x218 Drivers/STM32F4xx_HAL_Driver/Src/stm32f4xx_hal.o
 .debug_abbrev  0x00000d8a      0x328 Drivers/STM32F4xx_HAL_Driver/Src/stm32f4xx_hal_cortex.o
 .debug_abbrev  0x000010b2      0x1e7 Drivers/STM32F4xx_HAL_Driver/Src/stm32f4xx_hal_gpio.o
 .debug_abbrev  0x00001299      0x273 Drivers/STM32F4xx_HAL_Driver/Src/stm32f4xx_hal_rcc.o
 .debug_abbrev  0x0000150c      0x244 Drivers/STM32F4xx_HAL_Driver/Src/stm32f4xx_hal_tim.o
 .debug_abbrev  0x00001750      0x264 Drivers/STM32F4xx_HAL_Driver/Src/stm32f4xx_hal_tim_ex.o
 .debug_abbrev  0x000019b4       0x12 startup/startup_stm32f411xe.o

.debug_loc      0x00000000     0x782a
 .debug_loc     0x00000000      0x12a Core/Src/BUS_8bit.o
 .debug_loc     0x0000012a       0x3a Core/Src/main.o
 .debug_loc     0x00000164      0x13e Core/Src/system_stm32f4xx.o
 .debug_loc     0x000002a2       0xa6 Core/Src/tim.o
 .debug_loc     0x00000348      0x11b Drivers/STM32F4xx_HAL_Driver/Src/stm32f4xx_hal.o
 .debug_loc     0x00000463      0x5ce Drivers/STM32F4xx_HAL_Driver/Src/stm32f4xx_hal_cortex.o
 .debug_loc     0x00000a31      0x475 Drivers/STM32F4xx_HAL_Driver/Src/stm32f4xx_hal_gpio.o
 .debug_loc     0x00000ea6      0x40f Drivers/STM32F4xx_HAL_Driver/Src/stm32f4xx_hal_rcc.o
 .debug_loc     0x000012b5     0x4af2 Drivers/STM32F4xx_HAL_Driver/Src/stm32f4xx_hal_tim.o
 .debug_loc     0x00005da7     0x1a83 Drivers/STM32F4xx_HAL_Driver/Src/stm32f4xx_hal_tim_ex.o

.debug_aranges  0x00000000      0x960
 .debug_aranges
                0x00000000       0x40 Core/Src/BUS_8bit.o
 .debug_aranges
                0x00000040       0x20 Core/Src/gpio.o
 .debug_aranges
                0x00000060       0x38 Core/Src/main.o
 .debug_aranges
                0x00000098       0x20 Core/Src/stm32f4xx_hal_msp.o
 .debug_aranges
                0x000000b8       0x70 Core/Src/stm32f4xx_it.o
 .debug_aranges
                0x00000128       0x28 Core/Src/system_stm32f4xx.o
 .debug_aranges
                0x00000150       0x38 Core/Src/tim.o
 .debug_aranges
                0x00000188       0xf0 Drivers/STM32F4xx_HAL_Driver/Src/stm32f4xx_hal.o
 .debug_aranges
                0x00000278       0xa8 Drivers/STM32F4xx_HAL_Driver/Src/stm32f4xx_hal_cortex.o
 .debug_aranges
                0x00000320       0x58 Drivers/STM32F4xx_HAL_Driver/Src/stm32f4xx_hal_gpio.o
 .debug_aranges
                0x00000378       0x88 Drivers/STM32F4xx_HAL_Driver/Src/stm32f4xx_hal_rcc.o
 .debug_aranges
                0x00000400      0x3d0 Drivers/STM32F4xx_HAL_Driver/Src/stm32f4xx_hal_tim.o
 .debug_aranges
                0x000007d0      0x168 Drivers/STM32F4xx_HAL_Driver/Src/stm32f4xx_hal_tim_ex.o
 .debug_aranges
                0x00000938       0x28 startup/startup_stm32f411xe.o

.debug_ranges   0x00000000      0x900
 .debug_ranges  0x00000000       0x30 Core/Src/BUS_8bit.o
 .debug_ranges  0x00000030       0x10 Core/Src/gpio.o
 .debug_ranges  0x00000040       0x28 Core/Src/main.o
 .debug_ranges  0x00000068       0x10 Core/Src/stm32f4xx_hal_msp.o
 .debug_ranges  0x00000078       0x60 Core/Src/stm32f4xx_it.o
 .debug_ranges  0x000000d8       0x18 Core/Src/system_stm32f4xx.o
 .debug_ranges  0x000000f0       0x28 Core/Src/tim.o
 .debug_ranges  0x00000118       0xe0 Drivers/STM32F4xx_HAL_Driver/Src/stm32f4xx_hal.o
 .debug_ranges  0x000001f8       0xf8 Drivers/STM32F4xx_HAL_Driver/Src/stm32f4xx_hal_cortex.o
 .debug_ranges  0x000002f0       0x48 Drivers/STM32F4xx_HAL_Driver/Src/stm32f4xx_hal_gpio.o
 .debug_ranges  0x00000338       0x90 Drivers/STM32F4xx_HAL_Driver/Src/stm32f4xx_hal_rcc.o
 .debug_ranges  0x000003c8      0x3c0 Drivers/STM32F4xx_HAL_Driver/Src/stm32f4xx_hal_tim.o
 .debug_ranges  0x00000788      0x158 Drivers/STM32F4xx_HAL_Driver/Src/stm32f4xx_hal_tim_ex.o
 .debug_ranges  0x000008e0       0x20 startup/startup_stm32f411xe.o

.debug_macro    0x00000000    0x15651
 .debug_macro   0x00000000      0x1e4 Core/Src/BUS_8bit.o
 .debug_macro   0x000001e4      0xa54 Core/Src/BUS_8bit.o
 .debug_macro   0x00000c38      0x295 Core/Src/BUS_8bit.o
 .debug_macro   0x00000ecd       0x2e Core/Src/BUS_8bit.o
 .debug_macro   0x00000efb       0x28 Core/Src/BUS_8bit.o
 .debug_macro   0x00000f23       0x22 Core/Src/BUS_8bit.o
 .debug_macro   0x00000f45       0x8e Core/Src/BUS_8bit.o
 .debug_macro   0x00000fd3       0x51 Core/Src/BUS_8bit.o
 .debug_macro   0x00001024       0xef Core/Src/BUS_8bit.o
 .debug_macro   0x00001113       0x6a Core/Src/BUS_8bit.o
 .debug_macro   0x0000117d      0x1df Core/Src/BUS_8bit.o
 .debug_macro   0x0000135c       0x1c Core/Src/BUS_8bit.o
 .debug_macro   0x00001378       0x22 Core/Src/BUS_8bit.o
 .debug_macro   0x0000139a       0xdf Core/Src/BUS_8bit.o
 .debug_macro   0x00001479     0x102d Core/Src/BUS_8bit.o
 .debug_macro   0x000024a6      0x11f Core/Src/BUS_8bit.o
 .debug_macro   0x000025c5     0xb953 Core/Src/BUS_8bit.o
 .debug_macro   0x0000df18       0x6d Core/Src/BUS_8bit.o
 .debug_macro   0x0000df85     0x3666 Core/Src/BUS_8bit.o
 .debug_macro   0x000115eb      0x174 Core/Src/BUS_8bit.o
 .debug_macro   0x0001175f       0x5c Core/Src/BUS_8bit.o
 .debug_macro   0x000117bb      0x447 Core/Src/BUS_8bit.o
 .debug_macro   0x00011c02      0x9fe Core/Src/BUS_8bit.o
 .debug_macro   0x00012600      0x116 Core/Src/BUS_8bit.o
 .debug_macro   0x00012716      0x11b Core/Src/BUS_8bit.o
 .debug_macro   0x00012831       0xa5 Core/Src/BUS_8bit.o
 .debug_macro   0x000128d6      0x15f Core/Src/BUS_8bit.o
 .debug_macro   0x00012a35      0x287 Core/Src/BUS_8bit.o
 .debug_macro   0x00012cbc       0x5f Core/Src/BUS_8bit.o
 .debug_macro   0x00012d1b      0x236 Core/Src/BUS_8bit.o
 .debug_macro   0x00012f51      0x132 Core/Src/BUS_8bit.o
 .debug_macro   0x00013083      0x264 Core/Src/BUS_8bit.o
 .debug_macro   0x000132e7       0x2e Core/Src/BUS_8bit.o
 .debug_macro   0x00013315      0x11a Core/Src/BUS_8bit.o
 .debug_macro   0x0001342f       0x85 Core/Src/BUS_8bit.o
 .debug_macro   0x000134b4       0x89 Core/Src/BUS_8bit.o
 .debug_macro   0x0001353d      0x8d1 Core/Src/BUS_8bit.o
 .debug_macro   0x00013e0e       0x47 Core/Src/BUS_8bit.o
 .debug_macro   0x00013e55      0x126 Core/Src/BUS_8bit.o
 .debug_macro   0x00013f7b       0x3a Core/Src/BUS_8bit.o
 .debug_macro   0x00013fb5       0x16 Core/Src/BUS_8bit.o
 .debug_macro   0x00013fcb      0x1ea Core/Src/gpio.o
 .debug_macro   0x000141b5       0x34 Core/Src/gpio.o
 .debug_macro   0x000141e9      0x1f4 Core/Src/main.o
 .debug_macro   0x000143dd      0x1d3 Core/Src/stm32f4xx_hal_msp.o
 .debug_macro   0x000145b0      0x1dd Core/Src/stm32f4xx_it.o
 .debug_macro   0x0001478d      0x1c4 Core/Src/system_stm32f4xx.o
 .debug_macro   0x00014951      0x1dd Core/Src/tim.o
 .debug_macro   0x00014b2e      0x224 Drivers/STM32F4xx_HAL_Driver/Src/stm32f4xx_hal.o
 .debug_macro   0x00014d52      0x1c4 Drivers/STM32F4xx_HAL_Driver/Src/stm32f4xx_hal_cortex.o
 .debug_macro   0x00014f16      0x1ca Drivers/STM32F4xx_HAL_Driver/Src/stm32f4xx_hal_gpio.o
 .debug_macro   0x000150e0      0x1e8 Drivers/STM32F4xx_HAL_Driver/Src/stm32f4xx_hal_rcc.o
 .debug_macro   0x000152c8      0x1c5 Drivers/STM32F4xx_HAL_Driver/Src/stm32f4xx_hal_tim.o
 .debug_macro   0x0001548d      0x1c4 Drivers/STM32F4xx_HAL_Driver/Src/stm32f4xx_hal_tim_ex.o

.debug_line     0x00000000     0x90d5
 .debug_line    0x00000000      0x7b3 Core/Src/BUS_8bit.o
 .debug_line    0x000007b3      0x759 Core/Src/gpio.o
 .debug_line    0x00000f0c      0x7df Core/Src/main.o
 .debug_line    0x000016eb      0x736 Core/Src/stm32f4xx_hal_msp.o
 .debug_line    0x00001e21      0x7e8 Core/Src/stm32f4xx_it.o
 .debug_line    0x00002609      0x755 Core/Src/system_stm32f4xx.o
 .debug_line    0x00002d5e      0x799 Core/Src/tim.o
 .debug_line    0x000034f7      0x933 Drivers/STM32F4xx_HAL_Driver/Src/stm32f4xx_hal.o
 .debug_line    0x00003e2a      0x985 Drivers/STM32F4xx_HAL_Driver/Src/stm32f4xx_hal_cortex.o
 .debug_line    0x000047af      0x893 Drivers/STM32F4xx_HAL_Driver/Src/stm32f4xx_hal_gpio.o
 .debug_line    0x00005042      0x9c3 Drivers/STM32F4xx_HAL_Driver/Src/stm32f4xx_hal_rcc.o
 .debug_line    0x00005a05     0x2333 Drivers/STM32F4xx_HAL_Driver/Src/stm32f4xx_hal_tim.o
 .debug_line    0x00007d38     0x131c Drivers/STM32F4xx_HAL_Driver/Src/stm32f4xx_hal_tim_ex.o
 .debug_line    0x00009054       0x81 startup/startup_stm32f411xe.o

.debug_str      0x00000000    0x878d5
 .debug_str     0x00000000    0x84a47 Core/Src/BUS_8bit.o
                              0x84cf2 (size before relaxing)
 .debug_str     0x00084a47      0x1df Core/Src/gpio.o
                              0x84df9 (size before relaxing)
 .debug_str     0x00084c26      0x6df Core/Src/main.o
                              0x85573 (size before relaxing)
 .debug_str     0x00085305       0x49 Core/Src/stm32f4xx_hal_msp.o
                              0x84c77 (size before relaxing)
 .debug_str     0x0008534e      0x113 Core/Src/stm32f4xx_it.o
                              0x8515b (size before relaxing)
 .debug_str     0x00085461       0xaf Core/Src/system_stm32f4xx.o
                              0x84c2f (size before relaxing)
 .debug_str     0x00085510      0x427 Core/Src/tim.o
                              0x855e9 (size before relaxing)
 .debug_str     0x00085937      0x58b Drivers/STM32F4xx_HAL_Driver/Src/stm32f4xx_hal.o
                              0x855fe (size before relaxing)
 .debug_str     0x00085ec2      0x332 Drivers/STM32F4xx_HAL_Driver/Src/stm32f4xx_hal_cortex.o
                              0x85396 (size before relaxing)
 .debug_str     0x000861f4      0x13f Drivers/STM32F4xx_HAL_Driver/Src/stm32f4xx_hal_gpio.o
                              0x84dd6 (size before relaxing)
 .debug_str     0x00086333      0x233 Drivers/STM32F4xx_HAL_Driver/Src/stm32f4xx_hal_rcc.o
                              0x85058 (size before relaxing)
 .debug_str     0x00086566      0xe20 Drivers/STM32F4xx_HAL_Driver/Src/stm32f4xx_hal_tim.o
                              0x85f9f (size before relaxing)
 .debug_str     0x00087386      0x520 Drivers/STM32F4xx_HAL_Driver/Src/stm32f4xx_hal_tim_ex.o
                              0x857a0 (size before relaxing)
 .debug_str     0x000878a6       0x2f startup/startup_stm32f411xe.o
                                 0x80 (size before relaxing)

.comment        0x00000000       0x7f
 .comment       0x00000000       0x7f Core/Src/BUS_8bit.o
                                 0x80 (size before relaxing)
 .comment       0x0000007f       0x80 Core/Src/gpio.o
 .comment       0x0000007f       0x80 Core/Src/main.o
 .comment       0x0000007f       0x80 Core/Src/stm32f4xx_hal_msp.o
 .comment       0x0000007f       0x80 Core/Src/stm32f4xx_it.o
 .comment       0x0000007f       0x80 Core/Src/system_stm32f4xx.o
 .comment       0x0000007f       0x80 Core/Src/tim.o
 .comment       0x0000007f       0x80 Drivers/STM32F4xx_HAL_Driver/Src/stm32f4xx_hal.o
 .comment       0x0000007f       0x80 Drivers/STM32F4xx_HAL_Driver/Src/stm32f4xx_hal_cortex.o
 .comment       0x0000007f       0x80 Drivers/STM32F4xx_HAL_Driver/Src/stm32f4xx_hal_gpio.o
 .comment       0x0000007f       0x80 Drivers/STM32F4xx_HAL_Driver/Src/stm32f4xx_hal_rcc.o
 .comment       0x0000007f       0x80 Drivers/STM32F4xx_HAL_Driver/Src/stm32f4xx_hal_tim.o
 .comment       0x0000007f       0x80 Drivers/STM32F4xx_HAL_Driver/Src/stm32f4xx_hal_tim_ex.o

.debug_frame    0x00000000     0x1940
 .debug_frame   0x00000000       0x78 Core/Src/BUS_8bit.o
 .debug_frame   0x00000078       0x38 Core/Src/gpio.o
 .debug_frame   0x000000b0       0x70 Core/Src/main.o
 .debug_frame   0x00000120       0x2c Core/Src/stm32f4xx_hal_msp.o
 .debug_frame   0x0000014c       0xd8 Core/Src/stm32f4xx_it.o
 .debug_frame   0x00000224       0x30 Core/Src/system_stm32f4xx.o
 .debug_frame   0x00000254       0x78 Core/Src/tim.o
 .debug_frame   0x000002cc      0x1ec Drivers/STM32F4xx_HAL_Driver/Src/stm32f4xx_hal.o
 .debug_frame   0x000004b8      0x15c Drivers/STM32F4xx_HAL_Driver/Src/stm32f4xx_hal_cortex.o
 .debug_frame   0x00000614       0xd8 Drivers/STM32F4xx_HAL_Driver/Src/stm32f4xx_hal_gpio.o
 .debug_frame   0x000006ec      0x184 Drivers/STM32F4xx_HAL_Driver/Src/stm32f4xx_hal_rcc.o
 .debug_frame   0x00000870      0xba8 Drivers/STM32F4xx_HAL_Driver/Src/stm32f4xx_hal_tim.o
 .debug_frame   0x00001418      0x47c Drivers/STM32F4xx_HAL_Driver/Src/stm32f4xx_hal_tim_ex.o
 .debug_frame   0x00001894       0x2c d:/stm/install/plugins/fr.ac6.mcu.externaltools.arm-none.win32_1.17.0.201812190825/tools/compiler/bin/../lib/gcc/arm-none-eabi/7.3.1/thumb/v7e-m/fpv4-sp/hard\libgcc.a(_aeabi_uldivmod.o)
 .debug_frame   0x000018c0       0x34 d:/stm/install/plugins/fr.ac6.mcu.externaltools.arm-none.win32_1.17.0.201812190825/tools/compiler/bin/../lib/gcc/arm-none-eabi/7.3.1/thumb/v7e-m/fpv4-sp/hard\libgcc.a(_udivmoddi4.o)
 .debug_frame   0x000018f4       0x2c d:/stm/install/plugins/fr.ac6.mcu.externaltools.arm-none.win32_1.17.0.201812190825/tools/compiler/bin/../lib/gcc/arm-none-eabi/7.3.1/../../../../arm-none-eabi/lib/thumb/v7e-m/fpv4-sp/hard\libc_nano.a(lib_a-init.o)
 .debug_frame   0x00001920       0x20 d:/stm/install/plugins/fr.ac6.mcu.externaltools.arm-none.win32_1.17.0.201812190825/tools/compiler/bin/../lib/gcc/arm-none-eabi/7.3.1/../../../../arm-none-eabi/lib/thumb/v7e-m/fpv4-sp/hard\libc_nano.a(lib_a-memset.o)
